

================================================================
== Vivado HLS Report for 'gcd'
================================================================
* Date:           Sun Jun 26 21:45:48 2016

* Version:        2015.3 (Build 1368829 on Mon Sep 28 20:31:51 PM 2015)
* Project:        gcd
* Solution:       solution
* Product family: zynq
* Target device:  xc7z020clg484-2


================================================================
== Performance Estimates
================================================================
+ Timing (ns): 
    * Summary: 
    +--------+-------+----------+------------+
    |  Clock | Target| Estimated| Uncertainty|
    +--------+-------+----------+------------+
    |ap_clk  |   5.00|      3.95|        0.62|
    +--------+-------+----------+------------+

+ Latency (clock cycles): 
    * Summary: 
    +-----+-----+-----+-----+---------+
    |  Latency  |  Interval | Pipeline|
    | min | max | min | max |   Type  |
    +-----+-----+-----+-----+---------+
    |    ?|    ?|    ?|    ?|   none  |
    +-----+-----+-----+-----+---------+

    + Detail: 
        * Instance: 
        N/A

        * Loop: 
        +----------+-----+-----+----------+-----------+-----------+------+----------+
        |          |  Latency  | Iteration|  Initiation Interval  | Trip |          |
        | Loop Name| min | max |  Latency |  achieved |   target  | Count| Pipelined|
        +----------+-----+-----+----------+-----------+-----------+------+----------+
        |- Loop 1  |    ?|    ?|         1|          1|          1|     ?|    yes   |
        +----------+-----+-----+----------+-----------+-----------+------+----------+



================================================================
== Utilization Estimates
================================================================
* Summary: 
+-----------------+---------+-------+--------+-------+
|       Name      | BRAM_18K| DSP48E|   FF   |  LUT  |
+-----------------+---------+-------+--------+-------+
|DSP              |        -|      -|       -|      -|
|Expression       |        -|      -|       0|    300|
|FIFO             |        -|      -|       -|      -|
|Instance         |        -|      -|       -|      -|
|Memory           |        -|      -|       -|      -|
|Multiplexer      |        -|      -|       -|    130|
|Register         |        -|      -|     137|      -|
+-----------------+---------+-------+--------+-------+
|Total            |        0|      0|     137|    430|
+-----------------+---------+-------+--------+-------+
|Available        |      280|    220|  106400|  53200|
+-----------------+---------+-------+--------+-------+
|Utilization (%)  |        0|      0|   ~0   |   ~0  |
+-----------------+---------+-------+--------+-------+

+ Detail: 
    * Instance: 
    N/A

    * DSP48: 
    N/A

    * Memory: 
    N/A

    * FIFO: 
    N/A

    * Expression: 
    +-----------------+----------+-------+---+----+------------+------------+
    |  Variable Name  | Operation| DSP48E| FF| LUT| Bitwidth P0| Bitwidth P1|
    +-----------------+----------+-------+---+----+------------+------------+
    |a_V_1_fu_128_p2  |     -    |      0|  0|  64|          64|          64|
    |b_V_1_fu_134_p2  |     -    |      0|  0|  64|          64|          64|
    |a_V_2_fu_140_p3  |  Select  |      0|  0|  64|           1|          64|
    |b_V_2_fu_148_p3  |  Select  |      0|  0|  64|           1|          64|
    |tmp_2_fu_122_p2  |   icmp   |      0|  0|  22|          64|          64|
    |tmp_fu_116_p2    |   icmp   |      0|  0|  22|          64|          64|
    +-----------------+----------+-------+---+----+------------+------------+
    |Total            |          |      0|  0| 300|         258|         384|
    +-----------------+----------+-------+---+----+------------+------------+

    * Multiplexer: 
    +---------------------------------+----+-----------+-----+-----------+
    |               Name              | LUT| Input Size| Bits| Total Bits|
    +---------------------------------+----+-----------+-----+-----------+
    |ap_NS_fsm                        |   1|          4|    1|          4|
    |ap_sig_ioackin_io_resp_V_ap_ack  |   1|          2|    1|          2|
    |p_1_reg_77                       |  64|          2|   64|        128|
    |tmp_data_V_reg_67                |  64|          2|   64|        128|
    +---------------------------------+----+-----------+-----+-----------+
    |Total                            | 130|         10|  130|        262|
    +---------------------------------+----+-----------+-----+-----------+

    * Register: 
    +---------------------------------+----+----+-----+-----------+
    |               Name              | FF | LUT| Bits| Const Bits|
    +---------------------------------+----+----+-----+-----------+
    |ap_CS_fsm                        |   3|   0|    3|          0|
    |ap_reg_ioackin_io_resp_V_ap_ack  |   1|   0|    1|          0|
    |p_1_reg_77                       |  64|   0|   64|          0|
    |tmp_data_V_reg_67                |  64|   0|   64|          0|
    |tmp_rd_V_reg_166                 |   5|   0|    5|          0|
    +---------------------------------+----+----+-----+-----------+
    |Total                            | 137|   0|  137|          0|
    +---------------------------------+----+----+-----+-----------+



================================================================
== Interface
================================================================
* Summary: 
+------------------+-----+-----+--------------+--------------+--------------+
|     RTL Ports    | Dir | Bits|   Protocol   | Source Object|    C Type    |
+------------------+-----+-----+--------------+--------------+--------------+
|ap_clk            |  in |    1| ap_ctrl_none |      gcd     | return value |
|ap_rst            |  in |    1| ap_ctrl_none |      gcd     | return value |
|io_cmd_V          |  in |  160|     ap_hs    |   io_cmd_V   |    pointer   |
|io_cmd_V_ap_vld   |  in |    1|     ap_hs    |   io_cmd_V   |    pointer   |
|io_cmd_V_ap_ack   | out |    1|     ap_hs    |   io_cmd_V   |    pointer   |
|io_resp_V         | out |   74|     ap_hs    |   io_resp_V  |    pointer   |
|io_resp_V_ap_vld  | out |    1|     ap_hs    |   io_resp_V  |    pointer   |
|io_resp_V_ap_ack  |  in |    1|     ap_hs    |   io_resp_V  |    pointer   |
+------------------+-----+-----+--------------+--------------+--------------+

