

================================================================
== Vivado HLS Report for 'mul'
================================================================
* Date:           Thu Jun 30 16:41:56 2016

* Version:        2015.3 (Build 1368829 on Mon Sep 28 20:31:51 PM 2015)
* Project:        mul
* Solution:       solution
* Product family: zynq
* Target device:  xc7z020clg484-2


================================================================
== Performance Estimates
================================================================
+ Timing (ns): 
    * Summary: 
    +--------+-------+----------+------------+
    |  Clock | Target| Estimated| Uncertainty|
    +--------+-------+----------+------------+
    |ap_clk  |   5.00|      1.82|        0.62|
    +--------+-------+----------+------------+

+ Latency (clock cycles): 
    * Summary: 
    +-----+-----+-----+-----+---------+
    |  Latency  |  Interval | Pipeline|
    | min | max | min | max |   Type  |
    +-----+-----+-----+-----+---------+
    |   18|   18|   19|   19|   none  |
    +-----+-----+-----+-----+---------+

    + Detail: 
        * Instance: 
        N/A

        * Loop: 
        N/A



================================================================
== Utilization Estimates
================================================================
* Summary: 
+-----------------+---------+-------+--------+-------+
|       Name      | BRAM_18K| DSP48E|   FF   |  LUT  |
+-----------------+---------+-------+--------+-------+
|DSP              |        -|      -|       -|      -|
|Expression       |        -|      -|       -|      -|
|FIFO             |        -|      -|       -|      -|
|Instance         |        -|     16|       0|      0|
|Memory           |        -|      -|       -|      -|
|Multiplexer      |        -|      -|       -|     19|
|Register         |        -|      -|      25|      -|
+-----------------+---------+-------+--------+-------+
|Total            |        0|     16|      25|     19|
+-----------------+---------+-------+--------+-------+
|Available        |      280|    220|  106400|  53200|
+-----------------+---------+-------+--------+-------+
|Utilization (%)  |        0|      7|   ~0   |   ~0  |
+-----------------+---------+-------+--------+-------+

+ Detail: 
    * Instance: 
    +--------------------------+-----------------------+---------+-------+---+----+
    |         Instance         |         Module        | BRAM_18K| DSP48E| FF| LUT|
    +--------------------------+-----------------------+---------+-------+---+----+
    |mul_mul_64s_64s_64_19_U1  |mul_mul_64s_64s_64_19  |        0|     16|  0|   0|
    +--------------------------+-----------------------+---------+-------+---+----+
    |Total                     |                       |        0|     16|  0|   0|
    +--------------------------+-----------------------+---------+-------+---+----+

    * DSP48: 
    N/A

    * Memory: 
    N/A

    * FIFO: 
    N/A

    * Expression: 
    N/A

    * Multiplexer: 
    +---------------------------------+----+-----------+-----+-----------+
    |               Name              | LUT| Input Size| Bits| Total Bits|
    +---------------------------------+----+-----------+-----+-----------+
    |ap_NS_fsm                        |  18|         20|    1|         20|
    |ap_sig_ioackin_io_resp_V_ap_ack  |   1|          2|    1|          2|
    +---------------------------------+----+-----------+-----+-----------+
    |Total                            |  19|         22|    2|         22|
    +---------------------------------+----+-----------+-----+-----------+

    * Register: 
    +---------------------------------+----+----+-----+-----------+
    |               Name              | FF | LUT| Bits| Const Bits|
    +---------------------------------+----+----+-----+-----------+
    |ap_CS_fsm                        |  19|   0|   19|          0|
    |ap_reg_ioackin_io_resp_V_ap_ack  |   1|   0|    1|          0|
    |tmp_rd_V_reg_103                 |   5|   0|    5|          0|
    +---------------------------------+----+----+-----+-----------+
    |Total                            |  25|   0|   25|          0|
    +---------------------------------+----+----+-----+-----------+



================================================================
== Interface
================================================================
* Summary: 
+------------------+-----+-----+--------------+--------------+--------------+
|     RTL Ports    | Dir | Bits|   Protocol   | Source Object|    C Type    |
+------------------+-----+-----+--------------+--------------+--------------+
|ap_clk            |  in |    1| ap_ctrl_none |      mul     | return value |
|ap_rst            |  in |    1| ap_ctrl_none |      mul     | return value |
|io_cmd_V          |  in |  160|     ap_hs    |   io_cmd_V   |    pointer   |
|io_cmd_V_ap_vld   |  in |    1|     ap_hs    |   io_cmd_V   |    pointer   |
|io_cmd_V_ap_ack   | out |    1|     ap_hs    |   io_cmd_V   |    pointer   |
|io_resp_V         | out |   74|     ap_hs    |   io_resp_V  |    pointer   |
|io_resp_V_ap_vld  | out |    1|     ap_hs    |   io_resp_V  |    pointer   |
|io_resp_V_ap_ack  |  in |    1|     ap_hs    |   io_resp_V  |    pointer   |
+------------------+-----+-----+--------------+--------------+--------------+

